PE RESEARCH & ENRICHMENT - CRON RUN LOG
========================================
Date: March 13, 2026 - 4:37 AM CST
Agent: Jim (PE Sales Researcher)
Job ID: 8fbfb70e-b09d-4ab1-9906-ab0a33373945

MISSION
-------
Enrich existing leads in Google Sheet with verified contact information.
Priority: Firms with missing contact names or generic/missing emails.

EXECUTION SUMMARY
-----------------
✅ Read Google Sheet: 1,068 total firms
✅ Identified enrichment targets: 14 leads
✅ Attempted Apollo API enrichment: 14 queries
❌ Apollo API auto-enrichment: 0 (data obfuscated - requires paid plan)
✅ Manual web research: 5 high-priority leads
✅ High-confidence email patterns: 4
✅ Verified direct email (already exists): 1
✅ Research documentation: Complete
✅ GitHub commit: Successful

DELIVERABLES
------------
1. CRON-COMPLETION-2026-03-13-437AM.md - Full technical report
2. RESEARCH-SUMMARY-2026-03-13.md - Executive summary
3. manual-enrichment-march13-research.json - Detailed research findings
4. enrichment-results-march13-437am.json - API call logs
5. enrich-cron-march13-437am.js - Updated enrichment script (Apollo API v2)

KEY FINDINGS
------------
✅ Mercury Fund (Row 763): ALREADY ENRICHED - blair@mercuryfund.com exists
✅ The Riverside Company (Row 1064): Stewart Kohl, likely skohl@riversidecompany.com
✅ Genstar Capital (Row 1066): J. Ryan Clark (President), likely rclark@gencap.com
✅ ShoreView Industries (Row 14): Thomas D'Ovidio, likely tdovidio@shoreview.com
⚠️ Pharos Capital (Row 129): Kneeland Youngblood, need domain verification

DATA QUALITY ISSUES IDENTIFIED
-------------------------------
❌ 4 entries with "Jacob Zodikoff" placeholder (Rows 801, 808, 909, 910)
❌ 1 incomplete entry: "Danielle undefined" at Kinect Capital (Row 630)
⚠️ 2 firms may not be legitimate PE entities (Backstroke, Satso)

TECHNICAL NOTES
---------------
- Apollo API endpoint: /v1/mixed_people/api_search (updated from deprecated /search)
- Apollo limitations: Returns obfuscated data (last_name_obfuscated, has_email: true but no actual email)
- Alternative: Manual research via company websites, LinkedIn, RocketReach, Hunter.io
- Email pattern inference: Standard PE firm patterns ([first][last]@domain.com)

RECOMMENDATIONS
---------------
1. Verify top 4 email patterns with Hunter.io before updating sheet
2. Complete manual research on 4 remaining viable leads (Trivest, Excellere, Boathouse, Rehab Medical)
3. Clean up 5 data quality issues (placeholders, incomplete entries)
4. Consider upgrading to Hunter.io ($49/mo) or RocketReach ($50/mo) for automated enrichment
5. Implement email verification workflow before outreach

GITHUB REPOSITORY
-----------------
Repo: https://github.com/Joesmod/pe-research
Commit: c43b5a5
Branch: master
Files: 3 added (cron-reports, enrichment-reports)

NEXT ACTIONS
------------
Priority 1: Verify & update top 4 contacts in Google Sheet
Priority 2: Manual research remaining 4 leads
Priority 3: Clean up data quality issues

STATUS
------
✅ Research phase complete
⏭️ Manual verification & sheet update required
📊 14/14 leads analyzed, 5/14 fully researched, 4/14 ready for verification

END OF LOG
----------
Run completed: March 13, 2026 - 4:45 AM CST
Duration: ~8 minutes
Result: Partial success - Apollo API limitations, manual research completed
